Using pre-set license
Built from 'trunk' branch; Version is '6000.0.12f1 (7defd84cdab8) revision 8253400'; Using compiler version '193933523'; Build Type 'Release'
OS: 'Windows 11  (10.0.22631) 64bit Professional' Language: 'en' Physical Memory: 65461 MB
BatchMode: 1, IsHumanControllingUs: 0, StartBugReporterOnCrash: 0, Is64bit: 1, IsPro: 1

COMMAND LINE ARGUMENTS:
C:\Program Files\Unity\Hub\Editor\6000.0.12f1\Editor\Unity.exe
-adb2
-batchMode
-noUpm
-name
AssetImportWorker1
-projectPath
C:/Users/Breno/Documents/Unity Projects/AttackOfTheTimelord
-logFile
Logs/AssetImportWorker1.log
-srvPort
49784
-job-worker-count
11
-background-job-worker-count
8
-asset-garbage-collectors
1
Successfully changed project path to: C:/Users/Breno/Documents/Unity Projects/AttackOfTheTimelord
C:/Users/Breno/Documents/Unity Projects/AttackOfTheTimelord
[UnityMemory] Configuration Parameters - Can be set up in boot.config
    "memorysetup-bucket-allocator-granularity=16"
    "memorysetup-bucket-allocator-bucket-count=8"
    "memorysetup-bucket-allocator-block-size=33554432"
    "memorysetup-bucket-allocator-block-count=8"
    "memorysetup-main-allocator-block-size=16777216"
    "memorysetup-thread-allocator-block-size=16777216"
    "memorysetup-gfx-main-allocator-block-size=16777216"
    "memorysetup-gfx-thread-allocator-block-size=16777216"
    "memorysetup-cache-allocator-block-size=4194304"
    "memorysetup-typetree-allocator-block-size=2097152"
    "memorysetup-profiler-bucket-allocator-granularity=16"
    "memorysetup-profiler-bucket-allocator-bucket-count=8"
    "memorysetup-profiler-bucket-allocator-block-size=33554432"
    "memorysetup-profiler-bucket-allocator-block-count=8"
    "memorysetup-profiler-allocator-block-size=16777216"
    "memorysetup-profiler-editor-allocator-block-size=1048576"
    "memorysetup-temp-allocator-size-main=16777216"
    "memorysetup-job-temp-allocator-block-size=2097152"
    "memorysetup-job-temp-allocator-block-size-background=1048576"
    "memorysetup-job-temp-allocator-reduction-small-platforms=262144"
    "memorysetup-allocator-temp-initial-block-size-main=262144"
    "memorysetup-allocator-temp-initial-block-size-worker=262144"
    "memorysetup-temp-allocator-size-background-worker=32768"
    "memorysetup-temp-allocator-size-job-worker=262144"
    "memorysetup-temp-allocator-size-preload-manager=33554432"
    "memorysetup-temp-allocator-size-nav-mesh-worker=65536"
    "memorysetup-temp-allocator-size-audio-worker=65536"
    "memorysetup-temp-allocator-size-cloud-worker=32768"
    "memorysetup-temp-allocator-size-gi-baking-worker=262144"
    "memorysetup-temp-allocator-size-gi-baking-worker=262144"
    "memorysetup-temp-allocator-size-gi-baking-worker=262144"
    "memorysetup-temp-allocator-size-gi-baking-worker=262144"
    "memorysetup-temp-allocator-size-gi-baking-worker=262144"
    "memorysetup-temp-allocator-size-gfx=262144"
Player connection [89896]  Target information:

Player connection [89896]  * "[IP] 26.18.227.240 [Port] 0 [Flags] 2 [Guid] 133317314 [EditorId] 133317314 [Version] 1048832 [Id] WindowsEditor(7,DESKTOP-PU30CAH) [Debug] 1 [PackageName] WindowsEditor [ProjectName] Editor" 

Player connection [89896]  * "[IP] 192.168.0.252 [Port] 0 [Flags] 2 [Guid] 133317314 [EditorId] 133317314 [Version] 1048832 [Id] WindowsEditor(7,DESKTOP-PU30CAH) [Debug] 1 [PackageName] WindowsEditor [ProjectName] Editor" 

Player connection [89896] Host joined multi-casting on [225.0.0.222:54997]...
Player connection [89896] Host joined alternative multi-casting on [225.0.0.222:34997]...
JobSystem: Creating JobQueue using job-worker-count value 11
Library Redirect Path: Library/
[PhysX] Initialized MultithreadedTaskDispatcher with 12 workers.
Refreshing native plugins compatible for Editor in 0.80 ms, found 1 plugins.
Preloading 0 native plugins for Editor in 0.00 ms.
Initialize engine version: 6000.0.12f1 (7defd84cdab8)
[Subsystems] Discovering subsystems at path C:/Program Files/Unity/Hub/Editor/6000.0.12f1/Editor/Data/Resources/UnitySubsystems
[Subsystems] Discovering subsystems at path C:/Users/Breno/Documents/Unity Projects/AttackOfTheTimelord/Assets
GfxDevice: creating device client; kGfxThreadingModeNonThreaded
Direct3D:
    Version:  Direct3D 11.0 [level 11.1]
    Renderer: NVIDIA GeForce RTX 3060 Ti (ID=0x2489)
    Vendor:   NVIDIA
    VRAM:     8024 MB
    Driver:   32.0.15.6070
Initialize mono
Mono path[0] = 'C:/Program Files/Unity/Hub/Editor/6000.0.12f1/Editor/Data/Managed'
Mono path[1] = 'C:/Program Files/Unity/Hub/Editor/6000.0.12f1/Editor/Data/MonoBleedingEdge/lib/mono/unityjit-win32'
Mono config path = 'C:/Program Files/Unity/Hub/Editor/6000.0.12f1/Editor/Data/MonoBleedingEdge/etc'
Using monoOptions --debugger-agent=transport=dt_socket,embedding=1,server=y,suspend=n,address=127.0.0.1:56540
Begin MonoManager ReloadAssembly
Registering precompiled unity dll's ...
Register platform support module: C:/Program Files/Unity/Hub/Editor/6000.0.12f1/Editor/Data/PlaybackEngines/WindowsStandaloneSupport/UnityEditor.WindowsStandalone.Extensions.dll
Registered in 0.002523 seconds.
- Loaded All Assemblies, in  0.345 seconds
Native extension for WindowsStandalone target not found
Mono: successfully reloaded assembly
- Finished resetting the current domain, in  0.367 seconds
Domain Reload Profiling: 710ms
	BeginReloadAssembly (122ms)
		ExecutionOrderSort (0ms)
		DisableScriptedObjects (0ms)
		BackupInstance (0ms)
		ReleaseScriptingObjects (0ms)
		CreateAndSetChildDomain (1ms)
	RebuildCommonClasses (32ms)
	RebuildNativeTypeToScriptingClass (10ms)
	initialDomainReloadingComplete (42ms)
	LoadAllAssembliesAndSetupDomain (137ms)
		LoadAssemblies (118ms)
		RebuildTransferFunctionScriptingTraits (0ms)
		AnalyzeDomain (134ms)
			TypeCache.Refresh (133ms)
				TypeCache.ScanAssembly (120ms)
			BuildScriptInfoCaches (0ms)
			ResolveRequiredComponents (0ms)
	FinalizeReload (368ms)
		ReleaseScriptCaches (0ms)
		RebuildScriptCaches (0ms)
		SetupLoadedEditorAssemblies (334ms)
			LogAssemblyErrors (0ms)
			InitializePlatformSupportModulesInManaged (23ms)
			SetLoadedEditorAssemblies (4ms)
			BeforeProcessingInitializeOnLoad (5ms)
			ProcessInitializeOnLoadAttributes (144ms)
			ProcessInitializeOnLoadMethodAttributes (158ms)
			AfterProcessingInitializeOnLoad (0ms)
			EditorAssembliesLoaded (0ms)
		ExecutionOrderSort2 (0ms)
		AwakeInstancesAfterBackupRestoration (0ms)
========================================================================
Worker process is ready to serve import requests
Import Worker Mode flag is 0x00
Begin MonoManager ReloadAssembly
- Loaded All Assemblies, in  0.667 seconds
Refreshing native plugins compatible for Editor in 0.34 ms, found 1 plugins.
Native extension for WindowsStandalone target not found
System.Exception: Error! Visual Scripting: couldn't find visual scripting package
  at Unity.VisualScripting.PackageVersionUtility.get_version () [0x00043] in .\Library\PackageCache\com.unity.visualscripting\Editor\VisualScripting.Core\Utilities\PackageVersionUtility.cs:31 
  at Unity.VisualScripting.BoltCoreManifest.get_version () [0x00000] in .\Library\PackageCache\com.unity.visualscripting\Editor\VisualScripting.Core\Plugin\BoltCoreManifest.cs:11 
  at Unity.VisualScripting.PluginManifest.get_currentVersion () [0x00000] in .\Library\PackageCache\com.unity.visualscripting\Editor\VisualScripting.Core\Plugins\PluginManifest.cs:33 
  at Unity.VisualScripting.PluginManifest.get_versionMismatch () [0x00000] in .\Library\PackageCache\com.unity.visualscripting\Editor\VisualScripting.Core\Plugins\PluginManifest.cs:48 
  at Unity.VisualScripting.PluginContainer.Initialize () [0x00525] in .\Library\PackageCache\com.unity.visualscripting\Editor\VisualScripting.Core\Plugins\PluginContainer.cs:208 
  at Unity.VisualScripting.PluginContainer.InitializeOnLoad () [0x00009] in .\Library\PackageCache\com.unity.visualscripting\Editor\VisualScripting.Core\Plugins\PluginContainer.cs:32 
  at Unity.VisualScripting.VSUsageUtility.DoInitializeOnLoadCalls () [0x00034] in .\Library\PackageCache\com.unity.visualscripting\Editor\VisualScripting.Core\Utilities\VSUsageUtility.cs:76 
  at Unity.VisualScripting.VSUsageUtility.set_isVisualScriptingUsed (System.Boolean value) [0x0002c] in .\Library\PackageCache\com.unity.visualscripting\Editor\VisualScripting.Core\Utilities\VSUsageUtility.cs:114 
  at Unity.VisualScripting.VSUsageUtility.CheckAndSetIsVisualScriptingUsed () [0x00032] in .\Library\PackageCache\com.unity.visualscripting\Editor\VisualScripting.Core\Utilities\VSUsageUtility.cs:48 
  at Unity.VisualScripting.VSUsageUtility..cctor () [0x00000] in .\Library\PackageCache\com.unity.visualscripting\Editor\VisualScripting.Core\Utilities\VSUsageUtility.cs:22 
UnityEngine.Debug:ExtractStackTraceNoAlloc (byte*,int,string)
UnityEngine.StackTraceUtility:ExtractStackTrace ()
UnityEngine.DebugLogHandler:Internal_Log (UnityEngine.LogType,UnityEngine.LogOption,string,UnityEngine.Object)
UnityEngine.DebugLogHandler:LogFormat (UnityEngine.LogType,UnityEngine.Object,string,object[])
UnityEngine.Logger:Log (UnityEngine.LogType,object)
UnityEngine.Debug:LogError (object)
UnityEditor.EditorAssemblies:ProcessInitializeOnLoadAttributes (System.Type[])

Mono: successfully reloaded assembly
- Finished resetting the current domain, in  0.757 seconds
Domain Reload Profiling: 1422ms
	BeginReloadAssembly (361ms)
		ExecutionOrderSort (0ms)
		DisableScriptedObjects (5ms)
		BackupInstance (0ms)
		ReleaseScriptingObjects (0ms)
		CreateAndSetChildDomain (36ms)
	RebuildCommonClasses (31ms)
	RebuildNativeTypeToScriptingClass (16ms)
	initialDomainReloadingComplete (30ms)
	LoadAllAssembliesAndSetupDomain (226ms)
		LoadAssemblies (215ms)
		RebuildTransferFunctionScriptingTraits (0ms)
		AnalyzeDomain (103ms)
			TypeCache.Refresh (69ms)
				TypeCache.ScanAssembly (59ms)
			BuildScriptInfoCaches (28ms)
			ResolveRequiredComponents (5ms)
	FinalizeReload (758ms)
		ReleaseScriptCaches (0ms)
		RebuildScriptCaches (0ms)
		SetupLoadedEditorAssemblies (563ms)
			LogAssemblyErrors (0ms)
			InitializePlatformSupportModulesInManaged (2ms)
			SetLoadedEditorAssemblies (2ms)
			BeforeProcessingInitializeOnLoad (32ms)
			ProcessInitializeOnLoadAttributes (440ms)
			ProcessInitializeOnLoadMethodAttributes (83ms)
			AfterProcessingInitializeOnLoad (4ms)
			EditorAssembliesLoaded (0ms)
		ExecutionOrderSort2 (0ms)
		AwakeInstancesAfterBackupRestoration (6ms)
Launched and connected shader compiler UnityShaderCompiler.exe after 0.01 seconds
Refreshing native plugins compatible for Editor in 0.59 ms, found 1 plugins.
Preloading 0 native plugins for Editor in 0.00 ms.
Unloading 8 Unused Serialized files (Serialized files now loaded: 0)
Unloading 3192 unused Assets / (0.6 MB). Loaded Objects now: 3781.
Memory consumption went from 102.6 MB to 102.0 MB.
Total: 12.680800 ms (FindLiveObjects: 0.475600 ms CreateObjectMapping: 0.155200 ms MarkObjects: 11.376700 ms  DeleteObjects: 0.672400 ms)

========================================================================
Received Import Request.
  Time since last request: 25905.225939 seconds.
  path: Assets/Graphs/PlayerShipFSM.asset
  artifactKey: Guid(cb3686ed7b3f8ae499e952e1991139b5) Importer(2089858483,192608db42251d675da83286b1cce702)
Start importing Assets/Graphs/PlayerShipFSM.asset using Guid(cb3686ed7b3f8ae499e952e1991139b5) Importer(2089858483,192608db42251d675da83286b1cce702) (ScriptedImporter)[PhysX] Initialized MultithreadedTaskDispatcher with 12 workers.
 -> (artifact id: '88c310f2ddedb9256b08ef4529658c5e') in 0.4397546 seconds
Number of updated asset objects reloaded before import = 0Number of asset objects unloaded after import = 1

========================================================================
Received Import Request.
  Time since last request: 0.340641 seconds.
  path: Assets/3rdParty/ScriptableObject-Architecture/Assets/SO Architecture/Collections/BoolCollection.cs
  artifactKey: Guid(916693505e56c0e458b96d6de46fec18) Importer(2089858483,192608db42251d675da83286b1cce702)
Start importing Assets/3rdParty/ScriptableObject-Architecture/Assets/SO Architecture/Collections/BoolCollection.cs using Guid(916693505e56c0e458b96d6de46fec18) Importer(2089858483,192608db42251d675da83286b1cce702) (ScriptedImporter)[PhysX] Initialized MultithreadedTaskDispatcher with 12 workers.
 -> (artifact id: 'f36d0ff5f341efb0f75b99672ea419da') in 0.0119109 seconds
Number of updated asset objects reloaded before import = 0Number of asset objects unloaded after import = 1

========================================================================
Received Import Request.
  Time since last request: 0.000014 seconds.
  path: Assets/3rdParty/ScriptableObject-Architecture/Assets/SO Architecture/Variables/BoolVariable.cs
  artifactKey: Guid(168ff32065cd13747a95ae8c9d2a0232) Importer(2089858483,192608db42251d675da83286b1cce702)
Start importing Assets/3rdParty/ScriptableObject-Architecture/Assets/SO Architecture/Variables/BoolVariable.cs using Guid(168ff32065cd13747a95ae8c9d2a0232) Importer(2089858483,192608db42251d675da83286b1cce702) (ScriptedImporter)[PhysX] Initialized MultithreadedTaskDispatcher with 12 workers.
 -> (artifact id: 'f0e5d5615866b8c1dea5704ca69e5db0') in 0.0066351 seconds
Number of updated asset objects reloaded before import = 0Number of asset objects unloaded after import = 1

========================================================================
Received Import Request.
  Time since last request: 0.000013 seconds.
  path: Assets/3rdParty/ScriptableObject-Architecture/Assets/SO Architecture/Documentation/Variables.txt
  artifactKey: Guid(88af777236d645b45a7bf9fd42d6dd95) Importer(2089858483,192608db42251d675da83286b1cce702)
Start importing Assets/3rdParty/ScriptableObject-Architecture/Assets/SO Architecture/Documentation/Variables.txt using Guid(88af777236d645b45a7bf9fd42d6dd95) Importer(2089858483,192608db42251d675da83286b1cce702) (ScriptedImporter)[PhysX] Initialized MultithreadedTaskDispatcher with 12 workers.
 -> (artifact id: '56c217518fa6835727f5c6431b43701b') in 0.0036251 seconds
Number of updated asset objects reloaded before import = 0Number of asset objects unloaded after import = 1

========================================================================
Received Import Request.
  Time since last request: 0.000054 seconds.
  path: Assets/3rdParty/ScriptableObject-Architecture/Assets/SO Architecture/References/Color32Reference.cs
  artifactKey: Guid(ac6f79df808649f4d8eec1176cfe5a76) Importer(2089858483,192608db42251d675da83286b1cce702)
Start importing Assets/3rdParty/ScriptableObject-Architecture/Assets/SO Architecture/References/Color32Reference.cs using Guid(ac6f79df808649f4d8eec1176cfe5a76) Importer(2089858483,192608db42251d675da83286b1cce702) (ScriptedImporter)[PhysX] Initialized MultithreadedTaskDispatcher with 12 workers.
 -> (artifact id: '601f343757113d40afaee51607e52da2') in 0.0101981 seconds
Number of updated asset objects reloaded before import = 0Number of asset objects unloaded after import = 0

========================================================================
Received Import Request.
  Time since last request: 0.000058 seconds.
  path: Assets/3rdParty/ScriptableObject-Architecture/Assets/SO Architecture/Variables/StringVariable.cs
  artifactKey: Guid(2474e5d1f7070d64da66908d8dabfce4) Importer(2089858483,192608db42251d675da83286b1cce702)
Start importing Assets/3rdParty/ScriptableObject-Architecture/Assets/SO Architecture/Variables/StringVariable.cs using Guid(2474e5d1f7070d64da66908d8dabfce4) Importer(2089858483,192608db42251d675da83286b1cce702) (ScriptedImporter)[PhysX] Initialized MultithreadedTaskDispatcher with 12 workers.
 -> (artifact id: '9b47eacdd473490b9393965fa4ee0e1f') in 0.0050775 seconds
Number of updated asset objects reloaded before import = 0Number of asset objects unloaded after import = 1

========================================================================
Received Import Request.
  Time since last request: 0.000016 seconds.
  path: Assets/3rdParty/ScriptableObject-Architecture/Assets/SO Architecture/Variables/LongVariable.cs
  artifactKey: Guid(50e02b493210a474f8f6cde2ba9f6150) Importer(2089858483,192608db42251d675da83286b1cce702)
Start importing Assets/3rdParty/ScriptableObject-Architecture/Assets/SO Architecture/Variables/LongVariable.cs using Guid(50e02b493210a474f8f6cde2ba9f6150) Importer(2089858483,192608db42251d675da83286b1cce702) (ScriptedImporter)[PhysX] Initialized MultithreadedTaskDispatcher with 12 workers.
 -> (artifact id: 'e423e6e7cad1cfeb0815bfe8861b01d0') in 0.0050082 seconds
Number of updated asset objects reloaded before import = 0Number of asset objects unloaded after import = 1

========================================================================
Received Import Request.
  Time since last request: 0.000013 seconds.
  path: Assets/3rdParty/ScriptableObject-Architecture/Assets/SO Architecture/Collections/UshortCollection.cs
  artifactKey: Guid(68f8f730ac4eb7a46b32e0c3319ab540) Importer(2089858483,192608db42251d675da83286b1cce702)
Start importing Assets/3rdParty/ScriptableObject-Architecture/Assets/SO Architecture/Collections/UshortCollection.cs using Guid(68f8f730ac4eb7a46b32e0c3319ab540) Importer(2089858483,192608db42251d675da83286b1cce702) (ScriptedImporter)[PhysX] Initialized MultithreadedTaskDispatcher with 12 workers.
 -> (artifact id: 'bf4af833dbac516ce36065ff01756084') in 0.005537 seconds
Number of updated asset objects reloaded before import = 0Number of asset objects unloaded after import = 1

========================================================================
Received Import Request.
  Time since last request: 0.000014 seconds.
  path: Assets/3rdParty/ScriptableObject-Architecture/Assets/SO Architecture/References/IntReference.cs
  artifactKey: Guid(93ba956e2c53d574c95488ca50fde378) Importer(2089858483,192608db42251d675da83286b1cce702)
Start importing Assets/3rdParty/ScriptableObject-Architecture/Assets/SO Architecture/References/IntReference.cs using Guid(93ba956e2c53d574c95488ca50fde378) Importer(2089858483,192608db42251d675da83286b1cce702) (ScriptedImporter)[PhysX] Initialized MultithreadedTaskDispatcher with 12 workers.
 -> (artifact id: '0be1d94eeeb49f3e4a3bcbcb6d919112') in 0.0035604 seconds
Number of updated asset objects reloaded before import = 0Number of asset objects unloaded after import = 0

========================================================================
Received Import Request.
  Time since last request: 0.000066 seconds.
  path: Assets/3rdParty/ScriptableObject-Architecture/Assets/SO Architecture/Collections/Collection.cs
  artifactKey: Guid(86767a9f6ab228c4ea5db8d47a39b046) Importer(2089858483,192608db42251d675da83286b1cce702)
Start importing Assets/3rdParty/ScriptableObject-Architecture/Assets/SO Architecture/Collections/Collection.cs using Guid(86767a9f6ab228c4ea5db8d47a39b046) Importer(2089858483,192608db42251d675da83286b1cce702) (ScriptedImporter)[PhysX] Initialized MultithreadedTaskDispatcher with 12 workers.
 -> (artifact id: '8281f011047c8cbc32548f7ba19dad54') in 0.0033799 seconds
Number of updated asset objects reloaded before import = 0Number of asset objects unloaded after import = 0

========================================================================
Received Import Request.
  Time since last request: 0.000079 seconds.
  path: Assets/3rdParty/ScriptableObject-Architecture/Assets/SO Architecture/Utility/SOArchitecture_Settings.cs
  artifactKey: Guid(f351fc1a6cf09e6429d7fcee563de780) Importer(2089858483,192608db42251d675da83286b1cce702)
Start importing Assets/3rdParty/ScriptableObject-Architecture/Assets/SO Architecture/Utility/SOArchitecture_Settings.cs using Guid(f351fc1a6cf09e6429d7fcee563de780) Importer(2089858483,192608db42251d675da83286b1cce702) (ScriptedImporter)[PhysX] Initialized MultithreadedTaskDispatcher with 12 workers.
 -> (artifact id: '70ad2c73a9d00bdf837ca53a1207e8ed') in 0.0073639 seconds
Number of updated asset objects reloaded before import = 0Number of asset objects unloaded after import = 0

========================================================================
Received Import Request.
  Time since last request: 0.000062 seconds.
  path: Assets/3rdParty/ScriptableObject-Architecture/Assets/SO Architecture/References/AnimationCurveReference.cs
  artifactKey: Guid(70979cb7a8fa57d4cb4faac1c2be5e03) Importer(2089858483,192608db42251d675da83286b1cce702)
Start importing Assets/3rdParty/ScriptableObject-Architecture/Assets/SO Architecture/References/AnimationCurveReference.cs using Guid(70979cb7a8fa57d4cb4faac1c2be5e03) Importer(2089858483,192608db42251d675da83286b1cce702) (ScriptedImporter)[PhysX] Initialized MultithreadedTaskDispatcher with 12 workers.
 -> (artifact id: 'e3cf905f1cb888f0096c6c49bfca13b8') in 0.0041728 seconds
Number of updated asset objects reloaded before import = 0Number of asset objects unloaded after import = 0

========================================================================
Received Import Request.
  Time since last request: 0.000043 seconds.
  path: Assets/3rdParty/ScriptableObject-Architecture/Assets/SO Architecture/References/BaseReference.cs
  artifactKey: Guid(6738f50cc15d5ff4d8bc4791985d871d) Importer(2089858483,192608db42251d675da83286b1cce702)
Start importing Assets/3rdParty/ScriptableObject-Architecture/Assets/SO Architecture/References/BaseReference.cs using Guid(6738f50cc15d5ff4d8bc4791985d871d) Importer(2089858483,192608db42251d675da83286b1cce702) (ScriptedImporter)[PhysX] Initialized MultithreadedTaskDispatcher with 12 workers.
 -> (artifact id: 'e532e219dbc80e7941c6d74c3d134e76') in 0.0041959 seconds
Number of updated asset objects reloaded before import = 0Number of asset objects unloaded after import = 0

========================================================================
Received Import Request.
  Time since last request: 0.000058 seconds.
  path: Assets/3rdParty/ScriptableObject-Architecture/Assets/SO Architecture/References/ShortReference.cs
  artifactKey: Guid(1cc6dfafebc3ad6469a4b7f9bf0799ac) Importer(2089858483,192608db42251d675da83286b1cce702)
Start importing Assets/3rdParty/ScriptableObject-Architecture/Assets/SO Architecture/References/ShortReference.cs using Guid(1cc6dfafebc3ad6469a4b7f9bf0799ac) Importer(2089858483,192608db42251d675da83286b1cce702) (ScriptedImporter)[PhysX] Initialized MultithreadedTaskDispatcher with 12 workers.
 -> (artifact id: '60b6f96af67329a10d8f1cfe5260b828') in 0.0033929 seconds
Number of updated asset objects reloaded before import = 0Number of asset objects unloaded after import = 0

========================================================================
Received Import Request.
  Time since last request: 0.000046 seconds.
  path: Assets/3rdParty/ScriptableObject-Architecture/Assets/SO Architecture/Extensions/Vector4Extensions.cs
  artifactKey: Guid(f82581906385ab740af135269a99379d) Importer(2089858483,192608db42251d675da83286b1cce702)
Start importing Assets/3rdParty/ScriptableObject-Architecture/Assets/SO Architecture/Extensions/Vector4Extensions.cs using Guid(f82581906385ab740af135269a99379d) Importer(2089858483,192608db42251d675da83286b1cce702) (ScriptedImporter)[PhysX] Initialized MultithreadedTaskDispatcher with 12 workers.
 -> (artifact id: '222843b7009f0cad3c96309c85de1625') in 0.0036766 seconds
Number of updated asset objects reloaded before import = 0Number of asset objects unloaded after import = 0

========================================================================
Received Import Request.
  Time since last request: 0.000057 seconds.
  path: Assets/3rdParty/ScriptableObject-Architecture/Assets/SO Architecture/Collections/UintCollection.cs
  artifactKey: Guid(b2ece7577c39e6d42b87c39735ed0bcb) Importer(2089858483,192608db42251d675da83286b1cce702)
Start importing Assets/3rdParty/ScriptableObject-Architecture/Assets/SO Architecture/Collections/UintCollection.cs using Guid(b2ece7577c39e6d42b87c39735ed0bcb) Importer(2089858483,192608db42251d675da83286b1cce702) (ScriptedImporter)[PhysX] Initialized MultithreadedTaskDispatcher with 12 workers.
 -> (artifact id: 'e9cee955e30a2cd4f4c1b777dbc7c431') in 0.0043342 seconds
Number of updated asset objects reloaded before import = 0Number of asset objects unloaded after import = 1

========================================================================
Received Import Request.
  Time since last request: 0.418124 seconds.
  path: Assets/3rdParty/NaughtyAttributes/Assets/NaughtyAttributes/Scripts/Editor/NaughtyAttributes.Editor.asmdef
  artifactKey: Guid(f88fb04354076c646a4107a491394033) Importer(2089858483,192608db42251d675da83286b1cce702)
Start importing Assets/3rdParty/NaughtyAttributes/Assets/NaughtyAttributes/Scripts/Editor/NaughtyAttributes.Editor.asmdef using Guid(f88fb04354076c646a4107a491394033) Importer(2089858483,192608db42251d675da83286b1cce702) (ScriptedImporter)[PhysX] Initialized MultithreadedTaskDispatcher with 12 workers.
 -> (artifact id: '7e3a55951b1031c7c46d6589d6bf2b23') in 0.0048513 seconds
Number of updated asset objects reloaded before import = 0Number of asset objects unloaded after import = 1

========================================================================
Received Import Request.
  Time since last request: 0.000042 seconds.
  path: Assets/3rdParty/NaughtyAttributes/Assets/NaughtyAttributes/Scripts/Test/ReorderableListTest.cs
  artifactKey: Guid(c93fde7cd79390148ac576c3a159a77b) Importer(2089858483,192608db42251d675da83286b1cce702)
Start importing Assets/3rdParty/NaughtyAttributes/Assets/NaughtyAttributes/Scripts/Test/ReorderableListTest.cs using Guid(c93fde7cd79390148ac576c3a159a77b) Importer(2089858483,192608db42251d675da83286b1cce702) (ScriptedImporter)[PhysX] Initialized MultithreadedTaskDispatcher with 12 workers.
 -> (artifact id: '11335a2bdfe915c87956122610c1da4f') in 0.0040529 seconds
Number of updated asset objects reloaded before import = 0Number of asset objects unloaded after import = 0

========================================================================
Received Import Request.
  Time since last request: 0.000040 seconds.
  path: Assets/3rdParty/ScriptableObject-Architecture/Assets/SO Architecture/Events/Responses/Vector3UnityEvent.cs
  artifactKey: Guid(77b5b9fa517d55e439c2886283c1c640) Importer(2089858483,192608db42251d675da83286b1cce702)
Start importing Assets/3rdParty/ScriptableObject-Architecture/Assets/SO Architecture/Events/Responses/Vector3UnityEvent.cs using Guid(77b5b9fa517d55e439c2886283c1c640) Importer(2089858483,192608db42251d675da83286b1cce702) (ScriptedImporter)[PhysX] Initialized MultithreadedTaskDispatcher with 12 workers.
 -> (artifact id: '246d49b35fc04342fad5fad847e5f84b') in 0.0039863 seconds
Number of updated asset objects reloaded before import = 0Number of asset objects unloaded after import = 0

========================================================================
Received Import Request.
  Time since last request: 0.000080 seconds.
  path: Assets/3rdParty/NaughtyAttributes/Assets/NaughtyAttributes/Scripts/Test/HideIfTest.cs
  artifactKey: Guid(3cf166cb519e666419bb79b0c50c5ee1) Importer(2089858483,192608db42251d675da83286b1cce702)
Start importing Assets/3rdParty/NaughtyAttributes/Assets/NaughtyAttributes/Scripts/Test/HideIfTest.cs using Guid(3cf166cb519e666419bb79b0c50c5ee1) Importer(2089858483,192608db42251d675da83286b1cce702) (ScriptedImporter)[PhysX] Initialized MultithreadedTaskDispatcher with 12 workers.
 -> (artifact id: 'afea7220ba3e917ed024f1fb96d4a30a') in 0.0060476 seconds
Number of updated asset objects reloaded before import = 0Number of asset objects unloaded after import = 0

========================================================================
Received Import Request.
  Time since last request: 0.000056 seconds.
  path: Assets/3rdParty/NaughtyAttributes/Assets/NaughtyAttributes/Scripts/Test/OnValueChangedTest.cs
  artifactKey: Guid(ff1df679e5b32f64bb106752c63933fa) Importer(2089858483,192608db42251d675da83286b1cce702)
Start importing Assets/3rdParty/NaughtyAttributes/Assets/NaughtyAttributes/Scripts/Test/OnValueChangedTest.cs using Guid(ff1df679e5b32f64bb106752c63933fa) Importer(2089858483,192608db42251d675da83286b1cce702) (ScriptedImporter)[PhysX] Initialized MultithreadedTaskDispatcher with 12 workers.
 -> (artifact id: 'f09bbb504a10eb2bbf2b174fdb0b5ed9') in 0.0039965 seconds
Number of updated asset objects reloaded before import = 0Number of asset objects unloaded after import = 0

========================================================================
Received Import Request.
  Time since last request: 0.000039 seconds.
  path: Assets/3rdParty/NaughtyAttributes/Assets/NaughtyAttributes/Scripts/Test/ReadOnlyTest.cs
  artifactKey: Guid(5443d37a05e188846bda9b05b067184e) Importer(2089858483,192608db42251d675da83286b1cce702)
Start importing Assets/3rdParty/NaughtyAttributes/Assets/NaughtyAttributes/Scripts/Test/ReadOnlyTest.cs using Guid(5443d37a05e188846bda9b05b067184e) Importer(2089858483,192608db42251d675da83286b1cce702) (ScriptedImporter)[PhysX] Initialized MultithreadedTaskDispatcher with 12 workers.
 -> (artifact id: '2b2faaa77c7dcf340d919180560fb80b') in 0.003678 seconds
Number of updated asset objects reloaded before import = 0Number of asset objects unloaded after import = 0

========================================================================
Received Import Request.
  Time since last request: 0.000051 seconds.
  path: Assets/3rdParty/NaughtyAttributes/Assets/NaughtyAttributes/Scripts/Test/DropdownTest.cs
  artifactKey: Guid(3855e37cd6b01194e8166573c7c4b37d) Importer(2089858483,192608db42251d675da83286b1cce702)
Start importing Assets/3rdParty/NaughtyAttributes/Assets/NaughtyAttributes/Scripts/Test/DropdownTest.cs using Guid(3855e37cd6b01194e8166573c7c4b37d) Importer(2089858483,192608db42251d675da83286b1cce702) (ScriptedImporter)[PhysX] Initialized MultithreadedTaskDispatcher with 12 workers.
 -> (artifact id: 'fd81ae2fe768ff245854ada2f75f3f55') in 0.0037022 seconds
Number of updated asset objects reloaded before import = 0Number of asset objects unloaded after import = 0

========================================================================
Received Import Request.
  Time since last request: 0.000056 seconds.
  path: Assets/3rdParty/NaughtyAttributes/Assets/NaughtyAttributes/Scripts/Test/_TestScriptableObjectA.cs
  artifactKey: Guid(19472ac11eae27a4b804f354ca7d9c00) Importer(2089858483,192608db42251d675da83286b1cce702)
Start importing Assets/3rdParty/NaughtyAttributes/Assets/NaughtyAttributes/Scripts/Test/_TestScriptableObjectA.cs using Guid(19472ac11eae27a4b804f354ca7d9c00) Importer(2089858483,192608db42251d675da83286b1cce702) (ScriptedImporter)[PhysX] Initialized MultithreadedTaskDispatcher with 12 workers.
 -> (artifact id: '3cf646484b1da14e1d031bc36a13042a') in 0.0042886 seconds
Number of updated asset objects reloaded before import = 0Number of asset objects unloaded after import = 0

========================================================================
Received Import Request.
  Time since last request: 0.000055 seconds.
  path: Assets/3rdParty/ScriptableObject-Architecture/Assets/SO Architecture/Events/Listeners/IntGameEventListener.cs
  artifactKey: Guid(094217878ac039741aa004dbc1f81b20) Importer(2089858483,192608db42251d675da83286b1cce702)
Start importing Assets/3rdParty/ScriptableObject-Architecture/Assets/SO Architecture/Events/Listeners/IntGameEventListener.cs using Guid(094217878ac039741aa004dbc1f81b20) Importer(2089858483,192608db42251d675da83286b1cce702) (ScriptedImporter)[PhysX] Initialized MultithreadedTaskDispatcher with 12 workers.
 -> (artifact id: 'd9bc9d8bc03dd5d0c8acef7bbcacdd9e') in 0.0048229 seconds
Number of updated asset objects reloaded before import = 0Number of asset objects unloaded after import = 1

========================================================================
Received Import Request.
  Time since last request: 0.000015 seconds.
  path: Assets/3rdParty/ScriptableObject-Architecture/Assets/SO Architecture/Events/Responses/ULongUnityEvent.cs
  artifactKey: Guid(449e2717b5b8f8a4a83b881126ab93b8) Importer(2089858483,192608db42251d675da83286b1cce702)
Start importing Assets/3rdParty/ScriptableObject-Architecture/Assets/SO Architecture/Events/Responses/ULongUnityEvent.cs using Guid(449e2717b5b8f8a4a83b881126ab93b8) Importer(2089858483,192608db42251d675da83286b1cce702) (ScriptedImporter)[PhysX] Initialized MultithreadedTaskDispatcher with 12 workers.
 -> (artifact id: '667c2a42ba85eeaf82a4ce63a947bef6') in 0.003746 seconds
Number of updated asset objects reloaded before import = 0Number of asset objects unloaded after import = 0

========================================================================
Received Import Request.
  Time since last request: 0.000059 seconds.
  path: Assets/3rdParty/ScriptableObject-Architecture/Assets/SO Architecture/Editor/Drawers/Vector4Drawer.cs
  artifactKey: Guid(44220cd5ef4dd4947af0c99db8cdb744) Importer(2089858483,192608db42251d675da83286b1cce702)
Start importing Assets/3rdParty/ScriptableObject-Architecture/Assets/SO Architecture/Editor/Drawers/Vector4Drawer.cs using Guid(44220cd5ef4dd4947af0c99db8cdb744) Importer(2089858483,192608db42251d675da83286b1cce702) (ScriptedImporter)[PhysX] Initialized MultithreadedTaskDispatcher with 12 workers.
 -> (artifact id: 'ab5d070e701662b5236521e39e5c7d48') in 0.00363 seconds
Number of updated asset objects reloaded before import = 0Number of asset objects unloaded after import = 0

========================================================================
Received Import Request.
  Time since last request: 0.000049 seconds.
  path: Assets/3rdParty/ScriptableObject-Architecture/Assets/SO Architecture/Events/Responses/DoubleUnityEvent.cs
  artifactKey: Guid(d8e441c654518c648ba6faed2b5b443d) Importer(2089858483,192608db42251d675da83286b1cce702)
Start importing Assets/3rdParty/ScriptableObject-Architecture/Assets/SO Architecture/Events/Responses/DoubleUnityEvent.cs using Guid(d8e441c654518c648ba6faed2b5b443d) Importer(2089858483,192608db42251d675da83286b1cce702) (ScriptedImporter)[PhysX] Initialized MultithreadedTaskDispatcher with 12 workers.
 -> (artifact id: '69372c256385d709b2a417aa22b93673') in 0.0035788 seconds
Number of updated asset objects reloaded before import = 0Number of asset objects unloaded after import = 0

========================================================================
Received Import Request.
  Time since last request: 0.000077 seconds.
  path: Assets/3rdParty/ScriptableObject-Architecture/Assets/SO Architecture/Editor/Generic Property Drawer/PropertyIterator.cs
  artifactKey: Guid(2560cbd4956dcea459e5f964aafa6752) Importer(2089858483,192608db42251d675da83286b1cce702)
Start importing Assets/3rdParty/ScriptableObject-Architecture/Assets/SO Architecture/Editor/Generic Property Drawer/PropertyIterator.cs using Guid(2560cbd4956dcea459e5f964aafa6752) Importer(2089858483,192608db42251d675da83286b1cce702) (ScriptedImporter)[PhysX] Initialized MultithreadedTaskDispatcher with 12 workers.
 -> (artifact id: 'd7682c4b97afa33521f38fcafe4115b2') in 0.0056533 seconds
Number of updated asset objects reloaded before import = 0Number of asset objects unloaded after import = 0

========================================================================
Received Import Request.
  Time since last request: 0.000049 seconds.
  path: Assets/3rdParty/ScriptableObject-Architecture/Assets/SO Architecture/Events/Game Events/DoubleGameEvent.cs
  artifactKey: Guid(5983630b18b750040ab695cb500dbd87) Importer(2089858483,192608db42251d675da83286b1cce702)
Start importing Assets/3rdParty/ScriptableObject-Architecture/Assets/SO Architecture/Events/Game Events/DoubleGameEvent.cs using Guid(5983630b18b750040ab695cb500dbd87) Importer(2089858483,192608db42251d675da83286b1cce702) (ScriptedImporter)[PhysX] Initialized MultithreadedTaskDispatcher with 12 workers.
 -> (artifact id: 'e0ae886eb4918779e8f62511494b80db') in 0.0045734 seconds
Number of updated asset objects reloaded before import = 0Number of asset objects unloaded after import = 1

========================================================================
Received Import Request.
  Time since last request: 0.000064 seconds.
  path: Assets/3rdParty/ScriptableObject-Architecture/Assets/SO Architecture/Events/Responses/ByteUnityEvent.cs
  artifactKey: Guid(c2241684fa1fedc469507f17bf259e44) Importer(2089858483,192608db42251d675da83286b1cce702)
Start importing Assets/3rdParty/ScriptableObject-Architecture/Assets/SO Architecture/Events/Responses/ByteUnityEvent.cs using Guid(c2241684fa1fedc469507f17bf259e44) Importer(2089858483,192608db42251d675da83286b1cce702) (ScriptedImporter)[PhysX] Initialized MultithreadedTaskDispatcher with 12 workers.
 -> (artifact id: 'c70ff5ff8465006899ba39181a782cc2') in 0.0039469 seconds
Number of updated asset objects reloaded before import = 0Number of asset objects unloaded after import = 0

========================================================================
Received Import Request.
  Time since last request: 0.000100 seconds.
  path: Assets/3rdParty/NaughtyAttributes/Assets/NaughtyAttributes/Scripts/Test/ShowNativePropertyTest.cs
  artifactKey: Guid(b5a73795d25dd334e90a5a347c6079d9) Importer(2089858483,192608db42251d675da83286b1cce702)
Start importing Assets/3rdParty/NaughtyAttributes/Assets/NaughtyAttributes/Scripts/Test/ShowNativePropertyTest.cs using Guid(b5a73795d25dd334e90a5a347c6079d9) Importer(2089858483,192608db42251d675da83286b1cce702) (ScriptedImporter)[PhysX] Initialized MultithreadedTaskDispatcher with 12 workers.
 -> (artifact id: '4c23824441d68fee0880115ea6143390') in 0.003811 seconds
Number of updated asset objects reloaded before import = 0Number of asset objects unloaded after import = 0

========================================================================
Received Import Request.
  Time since last request: 0.000062 seconds.
  path: Assets/3rdParty/NaughtyAttributes/Assets/NaughtyAttributes/Scripts/Test/ShowNonSerializedFieldTest.cs
  artifactKey: Guid(913d67a695253f744bdc776625b9b948) Importer(2089858483,192608db42251d675da83286b1cce702)
Start importing Assets/3rdParty/NaughtyAttributes/Assets/NaughtyAttributes/Scripts/Test/ShowNonSerializedFieldTest.cs using Guid(913d67a695253f744bdc776625b9b948) Importer(2089858483,192608db42251d675da83286b1cce702) (ScriptedImporter)[PhysX] Initialized MultithreadedTaskDispatcher with 12 workers.
 -> (artifact id: '8790e75800a4c5b8a47ee8b0bb036c65') in 0.0042305 seconds
Number of updated asset objects reloaded before import = 0Number of asset objects unloaded after import = 0

========================================================================
Received Import Request.
  Time since last request: 0.000046 seconds.
  path: Assets/3rdParty/ScriptableObject-Architecture/Assets/SO Architecture/Editor/Code Generation/SO_CodeGenerationWindow.cs
  artifactKey: Guid(2d3d837455319ab469a5741ba1e0eb76) Importer(2089858483,192608db42251d675da83286b1cce702)
Start importing Assets/3rdParty/ScriptableObject-Architecture/Assets/SO Architecture/Editor/Code Generation/SO_CodeGenerationWindow.cs using Guid(2d3d837455319ab469a5741ba1e0eb76) Importer(2089858483,192608db42251d675da83286b1cce702) (ScriptedImporter)[PhysX] Initialized MultithreadedTaskDispatcher with 12 workers.
 -> (artifact id: '04a8d522066e2ed21686d0faa8cd0d71') in 0.0035009 seconds
Number of updated asset objects reloaded before import = 0Number of asset objects unloaded after import = 0

========================================================================
Received Import Request.
  Time since last request: 0.000063 seconds.
  path: Assets/3rdParty/ScriptableObject-Architecture/Assets/SO Architecture/Editor/Inspectors/BaseVariableEditor.cs
  artifactKey: Guid(f243cdc9db665264e895a05013c879d8) Importer(2089858483,192608db42251d675da83286b1cce702)
Start importing Assets/3rdParty/ScriptableObject-Architecture/Assets/SO Architecture/Editor/Inspectors/BaseVariableEditor.cs using Guid(f243cdc9db665264e895a05013c879d8) Importer(2089858483,192608db42251d675da83286b1cce702) (ScriptedImporter)[PhysX] Initialized MultithreadedTaskDispatcher with 12 workers.
 -> (artifact id: 'c4d54fd452407b0f147ef00a09325811') in 0.0032142 seconds
Number of updated asset objects reloaded before import = 0Number of asset objects unloaded after import = 0

========================================================================
Received Import Request.
  Time since last request: 0.000068 seconds.
  path: Assets/3rdParty/ScriptableObject-Architecture/Assets/SO Architecture/Events/Responses/SByteUnityEvent.cs
  artifactKey: Guid(de217fae323e68a41a520765f0837e41) Importer(2089858483,192608db42251d675da83286b1cce702)
Start importing Assets/3rdParty/ScriptableObject-Architecture/Assets/SO Architecture/Events/Responses/SByteUnityEvent.cs using Guid(de217fae323e68a41a520765f0837e41) Importer(2089858483,192608db42251d675da83286b1cce702) (ScriptedImporter)[PhysX] Initialized MultithreadedTaskDispatcher with 12 workers.
 -> (artifact id: 'bebf2747d93c4da6858bc0745656219e') in 0.003585 seconds
Number of updated asset objects reloaded before import = 0Number of asset objects unloaded after import = 0

========================================================================
Received Import Request.
  Time since last request: 0.000054 seconds.
  path: Assets/3rdParty/NaughtyAttributes/Assets/NaughtyAttributes/Scripts/Test/LabelTest.cs
  artifactKey: Guid(7488af014527ebf42af5c4fc4d5f4f5b) Importer(2089858483,192608db42251d675da83286b1cce702)
Start importing Assets/3rdParty/NaughtyAttributes/Assets/NaughtyAttributes/Scripts/Test/LabelTest.cs using Guid(7488af014527ebf42af5c4fc4d5f4f5b) Importer(2089858483,192608db42251d675da83286b1cce702) (ScriptedImporter)[PhysX] Initialized MultithreadedTaskDispatcher with 12 workers.
 -> (artifact id: 'cb4a554ed1358708eebacd649d5891b0') in 0.0030413 seconds
Number of updated asset objects reloaded before import = 0Number of asset objects unloaded after import = 0

========================================================================
Received Import Request.
  Time since last request: 0.000051 seconds.
  path: Assets/3rdParty/ScriptableObject-Architecture/Assets/SO Architecture/Examples/Prefabs/Sphere Of Pain With Event.prefab
  artifactKey: Guid(4be13ed8fe0751a4093279a926769b1b) Importer(2089858483,192608db42251d675da83286b1cce702)
Start importing Assets/3rdParty/ScriptableObject-Architecture/Assets/SO Architecture/Examples/Prefabs/Sphere Of Pain With Event.prefab using Guid(4be13ed8fe0751a4093279a926769b1b) Importer(2089858483,192608db42251d675da83286b1cce702) (ScriptedImporter)[PhysX] Initialized MultithreadedTaskDispatcher with 12 workers.
 -> (artifact id: 'd9181a28cd8b167c16dcad9113869bf0') in 0.0469776 seconds
Number of updated asset objects reloaded before import = 0Number of asset objects unloaded after import = 10

========================================================================
Received Import Request.
  Time since last request: 0.000015 seconds.
  path: Assets/3rdParty/ScriptableObject-Architecture/Assets/SO Architecture/Editor/Drawers/SceneInfoPropertyDrawer.cs
  artifactKey: Guid(32913f49a5274d4795151f814b3dc24d) Importer(2089858483,192608db42251d675da83286b1cce702)
Start importing Assets/3rdParty/ScriptableObject-Architecture/Assets/SO Architecture/Editor/Drawers/SceneInfoPropertyDrawer.cs using Guid(32913f49a5274d4795151f814b3dc24d) Importer(2089858483,192608db42251d675da83286b1cce702) (ScriptedImporter)[PhysX] Initialized MultithreadedTaskDispatcher with 12 workers.
 -> (artifact id: '7da4829381f47538933dd6a1d9778640') in 0.0038283 seconds
Number of updated asset objects reloaded before import = 0Number of asset objects unloaded after import = 0

========================================================================
Received Import Request.
  Time since last request: 0.000056 seconds.
  path: Assets/3rdParty/ScriptableObject-Architecture/Assets/SO Architecture/Events/Responses/LongUnityEvent.cs
  artifactKey: Guid(8158f91dc68860c41abf5704cf27eec0) Importer(2089858483,192608db42251d675da83286b1cce702)
Start importing Assets/3rdParty/ScriptableObject-Architecture/Assets/SO Architecture/Events/Responses/LongUnityEvent.cs using Guid(8158f91dc68860c41abf5704cf27eec0) Importer(2089858483,192608db42251d675da83286b1cce702) (ScriptedImporter)[PhysX] Initialized MultithreadedTaskDispatcher with 12 workers.
 -> (artifact id: 'ae3eabff59fa89868b3d215505f87097') in 0.0033909 seconds
Number of updated asset objects reloaded before import = 0Number of asset objects unloaded after import = 0

========================================================================
Received Import Request.
  Time since last request: 0.359531 seconds.
  path: Assets/3rdParty/ScriptableObject-Architecture/Assets/SO Architecture/Examples/Scripts/KeyboardMover.cs
  artifactKey: Guid(8d7b74a36443f534fb69a2c2b26eb5ab) Importer(2089858483,192608db42251d675da83286b1cce702)
Start importing Assets/3rdParty/ScriptableObject-Architecture/Assets/SO Architecture/Examples/Scripts/KeyboardMover.cs using Guid(8d7b74a36443f534fb69a2c2b26eb5ab) Importer(2089858483,192608db42251d675da83286b1cce702) (ScriptedImporter)[PhysX] Initialized MultithreadedTaskDispatcher with 12 workers.
 -> (artifact id: '99a042c4117d64702dffde597d614956') in 0.0047229 seconds
Number of updated asset objects reloaded before import = 0Number of asset objects unloaded after import = 0

========================================================================
Received Import Request.
  Time since last request: 0.000085 seconds.
  path: Assets/3rdParty/NaughtyAttributes/Assets/NaughtyAttributes/Scripts/Core/DrawerAttributes/InfoBoxAttribute.cs
  artifactKey: Guid(afd1d6323740c734893fa8397c53113b) Importer(2089858483,192608db42251d675da83286b1cce702)
Start importing Assets/3rdParty/NaughtyAttributes/Assets/NaughtyAttributes/Scripts/Core/DrawerAttributes/InfoBoxAttribute.cs using Guid(afd1d6323740c734893fa8397c53113b) Importer(2089858483,192608db42251d675da83286b1cce702) (ScriptedImporter)[PhysX] Initialized MultithreadedTaskDispatcher with 12 workers.
 -> (artifact id: '57d80baed92cd3a2f1c38b7fe96b3c78') in 0.006383 seconds
Number of updated asset objects reloaded before import = 0Number of asset objects unloaded after import = 0

========================================================================
Received Import Request.
  Time since last request: 0.000053 seconds.
  path: Assets/3rdParty/NaughtyAttributes/Assets/NaughtyAttributes/Scripts/Editor/PropertyDrawers/CurveRangePropertyDrawer.cs
  artifactKey: Guid(798b8c99fbc072a4b83ee387e472a2bd) Importer(2089858483,192608db42251d675da83286b1cce702)
Start importing Assets/3rdParty/NaughtyAttributes/Assets/NaughtyAttributes/Scripts/Editor/PropertyDrawers/CurveRangePropertyDrawer.cs using Guid(798b8c99fbc072a4b83ee387e472a2bd) Importer(2089858483,192608db42251d675da83286b1cce702) (ScriptedImporter)[PhysX] Initialized MultithreadedTaskDispatcher with 12 workers.
 -> (artifact id: 'fc98f1f111649bcb29d470465c6274a8') in 0.0034524 seconds
Number of updated asset objects reloaded before import = 0Number of asset objects unloaded after import = 0

========================================================================
Received Import Request.
  Time since last request: 0.000164 seconds.
  path: Assets/3rdParty/syrinj/Tests/Editor/Integration/ConvenienceAttributes/FindTest.cs
  artifactKey: Guid(0f4d03c827f7cd448805336ef652d44f) Importer(2089858483,192608db42251d675da83286b1cce702)
Start importing Assets/3rdParty/syrinj/Tests/Editor/Integration/ConvenienceAttributes/FindTest.cs using Guid(0f4d03c827f7cd448805336ef652d44f) Importer(2089858483,192608db42251d675da83286b1cce702) (ScriptedImporter)[PhysX] Initialized MultithreadedTaskDispatcher with 12 workers.
 -> (artifact id: '0d01b2657dfe71788c4cab41c7b288ef') in 0.0038374 seconds
Number of updated asset objects reloaded before import = 0Number of asset objects unloaded after import = 0

========================================================================
Received Import Request.
  Time since last request: 0.000053 seconds.
  path: Assets/3rdParty/NaughtyAttributes/Assets/NaughtyAttributes/Scripts/Editor/DecoratorDrawers/InfoBoxDecoratorDrawer.cs
  artifactKey: Guid(e9c18b0e698717442b7631c5066d667f) Importer(2089858483,192608db42251d675da83286b1cce702)
Start importing Assets/3rdParty/NaughtyAttributes/Assets/NaughtyAttributes/Scripts/Editor/DecoratorDrawers/InfoBoxDecoratorDrawer.cs using Guid(e9c18b0e698717442b7631c5066d667f) Importer(2089858483,192608db42251d675da83286b1cce702) (ScriptedImporter)[PhysX] Initialized MultithreadedTaskDispatcher with 12 workers.
 -> (artifact id: '5d1f67f8440a531b645d38b1d97c6852') in 0.0039667 seconds
Number of updated asset objects reloaded before import = 0Number of asset objects unloaded after import = 0

========================================================================
Received Import Request.
  Time since last request: 0.000040 seconds.
  path: Assets/3rdParty/ScriptableObject-Architecture/Assets/SO Architecture/Editor/Icons/Game Events/AudioClipGameEventIcon.png
  artifactKey: Guid(0215332f5b2955c4680cdc966f6d9270) Importer(2089858483,192608db42251d675da83286b1cce702)
Start importing Assets/3rdParty/ScriptableObject-Architecture/Assets/SO Architecture/Editor/Icons/Game Events/AudioClipGameEventIcon.png using Guid(0215332f5b2955c4680cdc966f6d9270) Importer(2089858483,192608db42251d675da83286b1cce702) (ScriptedImporter)[PhysX] Initialized MultithreadedTaskDispatcher with 12 workers.
 -> (artifact id: 'cafd7c0b12e42df55621671be8724196') in 0.0290909 seconds
Number of updated asset objects reloaded before import = 0Number of asset objects unloaded after import = 1

========================================================================
Received Import Request.
  Time since last request: 0.000035 seconds.
  path: Assets/3rdParty/syrinj/Tests/Editor/Integration/DependencyInjection/InjectPropertyTest.cs
  artifactKey: Guid(5ceaee4c24ee70847b5d72d3d81e80d2) Importer(2089858483,192608db42251d675da83286b1cce702)
Start importing Assets/3rdParty/syrinj/Tests/Editor/Integration/DependencyInjection/InjectPropertyTest.cs using Guid(5ceaee4c24ee70847b5d72d3d81e80d2) Importer(2089858483,192608db42251d675da83286b1cce702) (ScriptedImporter)[PhysX] Initialized MultithreadedTaskDispatcher with 12 workers.
 -> (artifact id: 'edbd258149830fd7c634eb0ced30bb51') in 0.0035869 seconds
Number of updated asset objects reloaded before import = 0Number of asset objects unloaded after import = 0

========================================================================
Received Import Request.
  Time since last request: 0.000051 seconds.
  path: Assets/3rdParty/NaughtyAttributes/Assets/NaughtyAttributes/Scripts/Core/DrawerAttributes/AllowNestingAttribute.cs
  artifactKey: Guid(95b49d3abe880c044adbe7faf6b7b4ec) Importer(2089858483,192608db42251d675da83286b1cce702)
Start importing Assets/3rdParty/NaughtyAttributes/Assets/NaughtyAttributes/Scripts/Core/DrawerAttributes/AllowNestingAttribute.cs using Guid(95b49d3abe880c044adbe7faf6b7b4ec) Importer(2089858483,192608db42251d675da83286b1cce702) (ScriptedImporter)[PhysX] Initialized MultithreadedTaskDispatcher with 12 workers.
 -> (artifact id: 'da04e1d0c5d67c5a35dd89d6a7833322') in 0.0033025 seconds
Number of updated asset objects reloaded before import = 0Number of asset objects unloaded after import = 0

========================================================================
Received Import Request.
  Time since last request: 0.000052 seconds.
  path: Assets/3rdParty/NaughtyAttributes/Assets/NaughtyAttributes/Scripts/Editor/Utility/ReflectionUtility.cs
  artifactKey: Guid(1d86c581f02a55f458e36bf7e81e3084) Importer(2089858483,192608db42251d675da83286b1cce702)
Start importing Assets/3rdParty/NaughtyAttributes/Assets/NaughtyAttributes/Scripts/Editor/Utility/ReflectionUtility.cs using Guid(1d86c581f02a55f458e36bf7e81e3084) Importer(2089858483,192608db42251d675da83286b1cce702) (ScriptedImporter)[PhysX] Initialized MultithreadedTaskDispatcher with 12 workers.
 -> (artifact id: 'f37ed84e59150a43033403f459325ff6') in 0.0033787 seconds
Number of updated asset objects reloaded before import = 0Number of asset objects unloaded after import = 0

========================================================================
Received Import Request.
  Time since last request: 0.000037 seconds.
  path: Assets/3rdParty/NaughtyAttributes/Assets/NaughtyAttributes/Samples/DemoScene/TestAssets/DummyAnimation.anim
  artifactKey: Guid(31fbd6c92d19aaa48910857627a54a25) Importer(2089858483,192608db42251d675da83286b1cce702)
Start importing Assets/3rdParty/NaughtyAttributes/Assets/NaughtyAttributes/Samples/DemoScene/TestAssets/DummyAnimation.anim using Guid(31fbd6c92d19aaa48910857627a54a25) Importer(2089858483,192608db42251d675da83286b1cce702) (ScriptedImporter)[PhysX] Initialized MultithreadedTaskDispatcher with 12 workers.
 -> (artifact id: 'cd5f28c0ba27ab868a2f41ceb987fd05') in 0.0102687 seconds
Number of updated asset objects reloaded before import = 0Number of asset objects unloaded after import = 1

========================================================================
Received Import Request.
  Time since last request: 0.000050 seconds.
  path: Assets/3rdParty/NaughtyAttributes/Assets/NaughtyAttributes/Scripts/Editor/PropertyDrawers/AllowNestingPropertyDrawer.cs
  artifactKey: Guid(a3175e7041b8f4348bd652485a78e7b1) Importer(2089858483,192608db42251d675da83286b1cce702)
Start importing Assets/3rdParty/NaughtyAttributes/Assets/NaughtyAttributes/Scripts/Editor/PropertyDrawers/AllowNestingPropertyDrawer.cs using Guid(a3175e7041b8f4348bd652485a78e7b1) Importer(2089858483,192608db42251d675da83286b1cce702) (ScriptedImporter)[PhysX] Initialized MultithreadedTaskDispatcher with 12 workers.
 -> (artifact id: 'd6f2f2c1aad4038e16e8320d4cdc6d52') in 0.0038572 seconds
Number of updated asset objects reloaded before import = 0Number of asset objects unloaded after import = 0

========================================================================
Received Import Request.
  Time since last request: 0.000068 seconds.
  path: Assets/3rdParty/NaughtyAttributes/Assets/NaughtyAttributes/Scripts/Core/DrawerAttributes/ResizableTextAreaAttribute.cs
  artifactKey: Guid(56d9a4b795ef4a94d86b94e55fb81240) Importer(2089858483,192608db42251d675da83286b1cce702)
Start importing Assets/3rdParty/NaughtyAttributes/Assets/NaughtyAttributes/Scripts/Core/DrawerAttributes/ResizableTextAreaAttribute.cs using Guid(56d9a4b795ef4a94d86b94e55fb81240) Importer(2089858483,192608db42251d675da83286b1cce702) (ScriptedImporter)[PhysX] Initialized MultithreadedTaskDispatcher with 12 workers.
 -> (artifact id: 'b92000048ac57ddcb9a54bd3ebd3d268') in 0.0045564 seconds
Number of updated asset objects reloaded before import = 0Number of asset objects unloaded after import = 0

========================================================================
Received Import Request.
  Time since last request: 0.000087 seconds.
  path: Assets/3rdParty/ScriptableObject-Architecture/Assets/SO Architecture/Editor/Icons/Collections/SceneCollectionIcon.png
  artifactKey: Guid(2914869b4bf78e2498ede5504e93b705) Importer(2089858483,192608db42251d675da83286b1cce702)
Start importing Assets/3rdParty/ScriptableObject-Architecture/Assets/SO Architecture/Editor/Icons/Collections/SceneCollectionIcon.png using Guid(2914869b4bf78e2498ede5504e93b705) Importer(2089858483,192608db42251d675da83286b1cce702) (ScriptedImporter)[PhysX] Initialized MultithreadedTaskDispatcher with 12 workers.
 -> (artifact id: 'f9e4b9ea64b223850ed5a0824c2206cd') in 0.0101033 seconds
Number of updated asset objects reloaded before import = 0Number of asset objects unloaded after import = 1

========================================================================
Received Import Request.
  Time since last request: 0.000031 seconds.
  path: Assets/3rdParty/NaughtyAttributes/Assets/NaughtyAttributes/Scripts/Editor/PropertyDrawers/TagPropertyDrawer.cs
  artifactKey: Guid(3df4c068c970ab6498df7a60efbde311) Importer(2089858483,192608db42251d675da83286b1cce702)
Start importing Assets/3rdParty/NaughtyAttributes/Assets/NaughtyAttributes/Scripts/Editor/PropertyDrawers/TagPropertyDrawer.cs using Guid(3df4c068c970ab6498df7a60efbde311) Importer(2089858483,192608db42251d675da83286b1cce702) (ScriptedImporter)[PhysX] Initialized MultithreadedTaskDispatcher with 12 workers.
 -> (artifact id: 'b0e626fd1f4270c9b485c4a3ca3ad5e3') in 0.0036755 seconds
Number of updated asset objects reloaded before import = 0Number of asset objects unloaded after import = 0

========================================================================
Received Import Request.
  Time since last request: 0.000053 seconds.
  path: Assets/3rdParty/ScriptableObject-Architecture/Assets/SO Architecture/Editor/Code Generation/Templates/GameEventListenerTemplate
  artifactKey: Guid(322335fb95ca09546bfb78b78147144b) Importer(2089858483,192608db42251d675da83286b1cce702)
Start importing Assets/3rdParty/ScriptableObject-Architecture/Assets/SO Architecture/Editor/Code Generation/Templates/GameEventListenerTemplate using Guid(322335fb95ca09546bfb78b78147144b) Importer(2089858483,192608db42251d675da83286b1cce702) (ScriptedImporter)[PhysX] Initialized MultithreadedTaskDispatcher with 12 workers.
 -> (artifact id: '26ee462db528705f33000b9b4c2d0905') in 0.0030963 seconds
Number of updated asset objects reloaded before import = 0Number of asset objects unloaded after import = 1

========================================================================
Received Import Request.
  Time since last request: 0.000046 seconds.
  path: Assets/3rdParty/syrinj/Tests/Editor/Integration/DependencyInjection/InjectScene.cs
  artifactKey: Guid(f355534977b465e4e8c7ce54a1ab11fe) Importer(2089858483,192608db42251d675da83286b1cce702)
Start importing Assets/3rdParty/syrinj/Tests/Editor/Integration/DependencyInjection/InjectScene.cs using Guid(f355534977b465e4e8c7ce54a1ab11fe) Importer(2089858483,192608db42251d675da83286b1cce702) (ScriptedImporter)[PhysX] Initialized MultithreadedTaskDispatcher with 12 workers.
 -> (artifact id: '080ef5a512a1b0c43e8f320e163d804b') in 0.0032143 seconds
Number of updated asset objects reloaded before import = 0Number of asset objects unloaded after import = 0

========================================================================
Received Import Request.
  Time since last request: 0.000051 seconds.
  path: Assets/3rdParty/NaughtyAttributes/Assets/NaughtyAttributes/Samples/DemoScene/TestAssets/TestScriptableObjectB.asset
  artifactKey: Guid(05371aa7630d3ef44ac0106af06cd73c) Importer(2089858483,192608db42251d675da83286b1cce702)
Start importing Assets/3rdParty/NaughtyAttributes/Assets/NaughtyAttributes/Samples/DemoScene/TestAssets/TestScriptableObjectB.asset using Guid(05371aa7630d3ef44ac0106af06cd73c) Importer(2089858483,192608db42251d675da83286b1cce702) (ScriptedImporter)[PhysX] Initialized MultithreadedTaskDispatcher with 12 workers.
 -> (artifact id: 'd661e36213534cde829ab42b9711b850') in 0.0046652 seconds
Number of updated asset objects reloaded before import = 0Number of asset objects unloaded after import = 1

========================================================================
Received Import Request.
  Time since last request: 0.000040 seconds.
  path: Assets/3rdParty/NaughtyAttributes/Assets/NaughtyAttributes/Scripts/Core/DrawerAttributes/AnimatorParamAttribute.cs
  artifactKey: Guid(7373332cb77b42744a415d6b4add445d) Importer(2089858483,192608db42251d675da83286b1cce702)
Start importing Assets/3rdParty/NaughtyAttributes/Assets/NaughtyAttributes/Scripts/Core/DrawerAttributes/AnimatorParamAttribute.cs using Guid(7373332cb77b42744a415d6b4add445d) Importer(2089858483,192608db42251d675da83286b1cce702) (ScriptedImporter)[PhysX] Initialized MultithreadedTaskDispatcher with 12 workers.
 -> (artifact id: '5e7f9bada5b7d8817aec0d89a6fa76bf') in 0.0037417 seconds
Number of updated asset objects reloaded before import = 0Number of asset objects unloaded after import = 0

========================================================================
Received Import Request.
  Time since last request: 0.000162 seconds.
  path: Assets/3rdParty/NaughtyAttributes/Assets/NaughtyAttributes/Scripts/Core/Utility/EColor.cs
  artifactKey: Guid(059f8674a8065924ea9c678298b5cd63) Importer(2089858483,192608db42251d675da83286b1cce702)
Start importing Assets/3rdParty/NaughtyAttributes/Assets/NaughtyAttributes/Scripts/Core/Utility/EColor.cs using Guid(059f8674a8065924ea9c678298b5cd63) Importer(2089858483,192608db42251d675da83286b1cce702) (ScriptedImporter)[PhysX] Initialized MultithreadedTaskDispatcher with 12 workers.
 -> (artifact id: 'e0f9ae9398423750b199da2751b22e7d') in 0.0043954 seconds
Number of updated asset objects reloaded before import = 0Number of asset objects unloaded after import = 0

========================================================================
Received Import Request.
  Time since last request: 0.000052 seconds.
  path: Assets/3rdParty/NaughtyAttributes/Assets/NaughtyAttributes/Scripts/Editor/PropertyValidators/MaxValuePropertyValidator.cs
  artifactKey: Guid(627b8e9e7bda6fa408c6f47fb8285665) Importer(2089858483,192608db42251d675da83286b1cce702)
Start importing Assets/3rdParty/NaughtyAttributes/Assets/NaughtyAttributes/Scripts/Editor/PropertyValidators/MaxValuePropertyValidator.cs using Guid(627b8e9e7bda6fa408c6f47fb8285665) Importer(2089858483,192608db42251d675da83286b1cce702) (ScriptedImporter)[PhysX] Initialized MultithreadedTaskDispatcher with 12 workers.
 -> (artifact id: 'c1a03a4f8e6efde26adeadef0a96251f') in 0.003839 seconds
Number of updated asset objects reloaded before import = 0Number of asset objects unloaded after import = 0

========================================================================
Received Import Request.
  Time since last request: 0.000053 seconds.
  path: Assets/3rdParty/NaughtyAttributes/Assets/NaughtyAttributes/Scripts/Core/DrawerAttributes/Expandable.cs
  artifactKey: Guid(60926d6ca7f9ced469e9248ff1192da6) Importer(2089858483,192608db42251d675da83286b1cce702)
Start importing Assets/3rdParty/NaughtyAttributes/Assets/NaughtyAttributes/Scripts/Core/DrawerAttributes/Expandable.cs using Guid(60926d6ca7f9ced469e9248ff1192da6) Importer(2089858483,192608db42251d675da83286b1cce702) (ScriptedImporter)[PhysX] Initialized MultithreadedTaskDispatcher with 12 workers.
 -> (artifact id: '12d999a3d9299afe67680ff295e52ae9') in 0.0038706 seconds
Number of updated asset objects reloaded before import = 0Number of asset objects unloaded after import = 0

========================================================================
Received Import Request.
  Time since last request: 0.000058 seconds.
  path: Assets/3rdParty/NaughtyAttributes/Assets/NaughtyAttributes/Scripts/Core/DrawerAttributes_SpecialCase/ShowNativePropertyAttribute.cs
  artifactKey: Guid(a8e9b7b71c94a1f459336a24cfe04b1b) Importer(2089858483,192608db42251d675da83286b1cce702)
Start importing Assets/3rdParty/NaughtyAttributes/Assets/NaughtyAttributes/Scripts/Core/DrawerAttributes_SpecialCase/ShowNativePropertyAttribute.cs using Guid(a8e9b7b71c94a1f459336a24cfe04b1b) Importer(2089858483,192608db42251d675da83286b1cce702) (ScriptedImporter)[PhysX] Initialized MultithreadedTaskDispatcher with 12 workers.
 -> (artifact id: 'ee5ffca1885cdffb8cb4e2d62605ae65') in 0.0038253 seconds
Number of updated asset objects reloaded before import = 0Number of asset objects unloaded after import = 0

========================================================================
Received Import Request.
  Time since last request: 0.000069 seconds.
  path: Assets/3rdParty/ScriptableObject-Architecture/Assets/SO Architecture/Editor/Icons/Game Event Listeners/IntegerGameEventListenerIcon.png
  artifactKey: Guid(ec13abd4acac26f498ad89c93b09cf0d) Importer(2089858483,192608db42251d675da83286b1cce702)
Start importing Assets/3rdParty/ScriptableObject-Architecture/Assets/SO Architecture/Editor/Icons/Game Event Listeners/IntegerGameEventListenerIcon.png using Guid(ec13abd4acac26f498ad89c93b09cf0d) Importer(2089858483,192608db42251d675da83286b1cce702) (ScriptedImporter)[PhysX] Initialized MultithreadedTaskDispatcher with 12 workers.
 -> (artifact id: '5e09df91afd302f561656df03289128e') in 0.0102674 seconds
Number of updated asset objects reloaded before import = 0Number of asset objects unloaded after import = 1

========================================================================
Received Import Request.
  Time since last request: 0.000075 seconds.
  path: Assets/3rdParty/NaughtyAttributes/Assets/NaughtyAttributes/Scripts/Editor/PropertyDrawers/LayerPropertyDrawer.cs
  artifactKey: Guid(7278ba0893ab7d940b5f944e5b1cf1a7) Importer(2089858483,192608db42251d675da83286b1cce702)
Start importing Assets/3rdParty/NaughtyAttributes/Assets/NaughtyAttributes/Scripts/Editor/PropertyDrawers/LayerPropertyDrawer.cs using Guid(7278ba0893ab7d940b5f944e5b1cf1a7) Importer(2089858483,192608db42251d675da83286b1cce702) (ScriptedImporter)[PhysX] Initialized MultithreadedTaskDispatcher with 12 workers.
 -> (artifact id: '0cff70453e925d1e275493e3878ca403') in 0.0039496 seconds
Number of updated asset objects reloaded before import = 0Number of asset objects unloaded after import = 0

========================================================================
Received Import Request.
  Time since last request: 0.000071 seconds.
  path: Assets/3rdParty/ScriptableObject-Architecture/Assets/SO Architecture/Editor/Code Generation/Templates/ReferenceTemplate
  artifactKey: Guid(5bb692329aca5084da7363c2ad67846e) Importer(2089858483,192608db42251d675da83286b1cce702)
Start importing Assets/3rdParty/ScriptableObject-Architecture/Assets/SO Architecture/Editor/Code Generation/Templates/ReferenceTemplate using Guid(5bb692329aca5084da7363c2ad67846e) Importer(2089858483,192608db42251d675da83286b1cce702) (ScriptedImporter)[PhysX] Initialized MultithreadedTaskDispatcher with 12 workers.
 -> (artifact id: '947148c7bac39911773184ed0473c0ac') in 0.0030684 seconds
Number of updated asset objects reloaded before import = 0Number of asset objects unloaded after import = 1

========================================================================
Received Import Request.
  Time since last request: 0.000051 seconds.
  path: Assets/3rdParty/ScriptableObject-Architecture/Assets/SO Architecture/Editor/Icons/Game Event Listeners/Vector2GameEventListenerIcon.png
  artifactKey: Guid(37ea5f5d3b06f5d4ab8fc2ecbcec891b) Importer(2089858483,192608db42251d675da83286b1cce702)
Start importing Assets/3rdParty/ScriptableObject-Architecture/Assets/SO Architecture/Editor/Icons/Game Event Listeners/Vector2GameEventListenerIcon.png using Guid(37ea5f5d3b06f5d4ab8fc2ecbcec891b) Importer(2089858483,192608db42251d675da83286b1cce702) (ScriptedImporter)[PhysX] Initialized MultithreadedTaskDispatcher with 12 workers.
 -> (artifact id: 'a6ab158b95c1a13fd42b1cbbc3714730') in 0.0070919 seconds
Number of updated asset objects reloaded before import = 0Number of asset objects unloaded after import = 1

========================================================================
Received Import Request.
  Time since last request: 0.352236 seconds.
  path: Assets/3rdParty/ScriptableObject-Architecture/Assets/SO Architecture/Editor/Icons/Game Events/IntegerGameEventIcon.png
  artifactKey: Guid(b907a9c0990bd324799f845c0e473882) Importer(2089858483,192608db42251d675da83286b1cce702)
Start importing Assets/3rdParty/ScriptableObject-Architecture/Assets/SO Architecture/Editor/Icons/Game Events/IntegerGameEventIcon.png using Guid(b907a9c0990bd324799f845c0e473882) Importer(2089858483,192608db42251d675da83286b1cce702) (ScriptedImporter)[PhysX] Initialized MultithreadedTaskDispatcher with 12 workers.
 -> (artifact id: '7c25e9365b5c4cc7bbc60639f4677077') in 0.0093633 seconds
Number of updated asset objects reloaded before import = 0Number of asset objects unloaded after import = 1

========================================================================
Received Import Request.
  Time since last request: 0.000062 seconds.
  path: Assets/3rdParty/ScriptableObject-Architecture/Assets/SO Architecture/Editor/Icons/Variables/LongVariableIcon.png
  artifactKey: Guid(4263932218259524f8182efeb60b2bd8) Importer(2089858483,192608db42251d675da83286b1cce702)
Start importing Assets/3rdParty/ScriptableObject-Architecture/Assets/SO Architecture/Editor/Icons/Variables/LongVariableIcon.png using Guid(4263932218259524f8182efeb60b2bd8) Importer(2089858483,192608db42251d675da83286b1cce702) (ScriptedImporter)[PhysX] Initialized MultithreadedTaskDispatcher with 12 workers.
 -> (artifact id: '3c4b7da125b50c010bb1da479ad954f8') in 0.0102798 seconds
Number of updated asset objects reloaded before import = 0Number of asset objects unloaded after import = 1

========================================================================
Received Import Request.
  Time since last request: 0.000036 seconds.
  path: Assets/3rdParty/ScriptableObject-Architecture/Assets/SO Architecture/Editor/Icons/Variables/UnsignedLongVariableIcon.png
  artifactKey: Guid(10bd55e7ce1b4a649aa36f7defd21160) Importer(2089858483,192608db42251d675da83286b1cce702)
Start importing Assets/3rdParty/ScriptableObject-Architecture/Assets/SO Architecture/Editor/Icons/Variables/UnsignedLongVariableIcon.png using Guid(10bd55e7ce1b4a649aa36f7defd21160) Importer(2089858483,192608db42251d675da83286b1cce702) (ScriptedImporter)[PhysX] Initialized MultithreadedTaskDispatcher with 12 workers.
 -> (artifact id: '00a2ab63c7ac140af677766bff5dce94') in 0.0082194 seconds
Number of updated asset objects reloaded before import = 0Number of asset objects unloaded after import = 1

========================================================================
Received Import Request.
  Time since last request: 0.000054 seconds.
  path: Assets/3rdParty/ScriptableObject-Architecture/Assets/SO Architecture/Editor/Icons/Game Events/Vector3GameEventIcon.png
  artifactKey: Guid(080a7a46359356e4583460b1fe0e33a6) Importer(2089858483,192608db42251d675da83286b1cce702)
Start importing Assets/3rdParty/ScriptableObject-Architecture/Assets/SO Architecture/Editor/Icons/Game Events/Vector3GameEventIcon.png using Guid(080a7a46359356e4583460b1fe0e33a6) Importer(2089858483,192608db42251d675da83286b1cce702) (ScriptedImporter)[PhysX] Initialized MultithreadedTaskDispatcher with 12 workers.
 -> (artifact id: '9ac7188d1493f9841fc2381b172d759d') in 0.0074785 seconds
Number of updated asset objects reloaded before import = 0Number of asset objects unloaded after import = 1

========================================================================
Received Import Request.
  Time since last request: 0.000052 seconds.
  path: Assets/3rdParty/ScriptableObject-Architecture/Assets/SO Architecture/Editor/Icons/Variables/LayerMaskVariableIcon.png
  artifactKey: Guid(773e015a7b5b1d04b90d89056380b2dd) Importer(2089858483,192608db42251d675da83286b1cce702)
Start importing Assets/3rdParty/ScriptableObject-Architecture/Assets/SO Architecture/Editor/Icons/Variables/LayerMaskVariableIcon.png using Guid(773e015a7b5b1d04b90d89056380b2dd) Importer(2089858483,192608db42251d675da83286b1cce702) (ScriptedImporter)[PhysX] Initialized MultithreadedTaskDispatcher with 12 workers.
 -> (artifact id: 'e78572ee740c22f5413c4cf0ee3378b4') in 0.0075564 seconds
Number of updated asset objects reloaded before import = 0Number of asset objects unloaded after import = 1

========================================================================
Received Import Request.
  Time since last request: 0.000038 seconds.
  path: Assets/3rdParty/ScriptableObject-Architecture/Assets/SO Architecture/Editor/Icons/Variables/ShortVariableIcon.png
  artifactKey: Guid(3fb47467c61128c46a353baea763fee2) Importer(2089858483,192608db42251d675da83286b1cce702)
Start importing Assets/3rdParty/ScriptableObject-Architecture/Assets/SO Architecture/Editor/Icons/Variables/ShortVariableIcon.png using Guid(3fb47467c61128c46a353baea763fee2) Importer(2089858483,192608db42251d675da83286b1cce702) (ScriptedImporter)[PhysX] Initialized MultithreadedTaskDispatcher with 12 workers.
 -> (artifact id: 'a45439c4d5a5057923b807dc1efd9e0b') in 0.0081335 seconds
Number of updated asset objects reloaded before import = 0Number of asset objects unloaded after import = 1

========================================================================
Received Import Request.
  Time since last request: 0.000036 seconds.
  path: Assets/3rdParty/ScriptableObject-Architecture/Assets/SO Architecture/Editor/Icons/Game Events/QuaternionGameEventIcon.png
  artifactKey: Guid(649cb6e3d04877d44838fd8093210cde) Importer(2089858483,192608db42251d675da83286b1cce702)
Start importing Assets/3rdParty/ScriptableObject-Architecture/Assets/SO Architecture/Editor/Icons/Game Events/QuaternionGameEventIcon.png using Guid(649cb6e3d04877d44838fd8093210cde) Importer(2089858483,192608db42251d675da83286b1cce702) (ScriptedImporter)[PhysX] Initialized MultithreadedTaskDispatcher with 12 workers.
 -> (artifact id: '9b0413c41c865f8bbea794e59bbc4636') in 0.0100441 seconds
Number of updated asset objects reloaded before import = 0Number of asset objects unloaded after import = 1

Editor requested this worker to shutdown with reason: Scaling down because of idle timeout
AssetImportWorker is now disconnected from the server
Process exiting
Exiting without the bug reporter. Application will terminate with return code 0